[milkywayinfotech.in/index.html]
[backblue.gif]
[fade.gif]
[index.html]
[milkywayinfotech.in/index-2.html]
[www.milkywayinfotech.in/public/front/img/milkyway-services.png]
[www.milkywayinfotech.in/public/front/img/logo.png]
[milkywayinfotech.in/search-engine-optimization.html]
[milkywayinfotech.in/social-media-marketing.html]
[milkywayinfotech.in/social-media-optimization.html]
[milkywayinfotech.in/website-audit-and-analysis.html]
[milkywayinfotech.in/bulk-sms.html]
[milkywayinfotech.in/content-marketing.html]
[milkywayinfotech.in/email-marketing.html]
[milkywayinfotech.in/google-adwords.html]
[milkywayinfotech.in/google-analytics.html]
[milkywayinfotech.in/online-reputation-management.html]
[milkywayinfotech.in/email-template-designing.html]
[milkywayinfotech.in/parallex-website-designing.html]
[milkywayinfotech.in/responsive-website-designing.html]
[milkywayinfotech.in/static-website-designing.html]
[milkywayinfotech.in/website-redesigning.html]
[milkywayinfotech.in/website-mantainnence.html]
[milkywayinfotech.in/digital-designing-services.html]
[milkywayinfotech.in/logo-designing.html]
[milkywayinfotech.in/packaging-designing.html]
[milkywayinfotech.in/ppt-designing]
[milkywayinfotech.in/stationery-designing.html]
[milkywayinfotech.in/business-crm-solutions.html]
[milkywayinfotech.in/cms-development.html]
[milkywayinfotech.in/open-source-web-development.html]
[milkywayinfotech.in/-mysql_]
[milkywayinfotech.in/software-development]
[milkywayinfotech.in/web-application-development.html]
[milkywayinfotech.in/website-development-services.html]
[milkywayinfotech.in/android-application.html]
[milkywayinfotech.in/business-development-services.html]
[milkywayinfotech.in/custom-solutions.html]
[milkywayinfotech.in/ivr-solutions.html]
[milkywayinfotech.in/mobile-application.html]
[milkywayinfotech.in/mlm-software.html]
[milkywayinfotech.in/ssl-solutions.html]
[milkywayinfotech.in/ecommerce-web-design-and-development.html]
[milkywayinfotech.in/ecommerce-shopping-cart-development.html]
[milkywayinfotech.in/ecommerce-solutions]
[milkywayinfotech.in/os-commerce-development.32.delayed]
[milkywayinfotech.in/opencart-development.html]
[milkywayinfotech.in/payment-gateway-integration.html]
[milkywayinfotech.in/shopify-customization]
[milkywayinfotech.in/portfolio.html]
[milkywayinfotech.in/career-with-us]
[milkywayinfotech.in/contact.html]
[www.milkywayinfotech.in/public/front/img/slider/slider-img-1.jpg]
[www.milkywayinfotech.in/public/front/img/slider/slider-img-2.jpg]
[www.milkywayinfotech.in/public/front/img/slider/slider-img-3.jpg]
[www.milkywayinfotech.in/public/front/img/marketing/icon-1.png]
[www.milkywayinfotech.in/public/front/img/marketing/icon-2.png]
[www.milkywayinfotech.in/public/front/img/marketing/icon-3.png]
[www.milkywayinfotech.in/public/front/img/marketing/icon-4.png]
[www.milkywayinfotech.in/public/front/img/about-img-3.jpg]
[www.milkywayinfotech.in/public/front/img/about-shape-3.png]
[www.milkywayinfotech.in/public/front/img/why-choose-us-img-three.jpg]
[www.milkywayinfotech.in/public/front/img/milkyway-product/gbusiness-product.jpg]
[www.milkywayinfotech.in/public/front/img/milkyway-product/isiksha-product.jpg]
[www.milkywayinfotech.in/public/front/img/milkyway-product/samplex24.jpg]
[www.milkywayinfotech.in/public/front/img/milkyway-product/streetas-job-portal.jpg]
[milkywayinfotech.in/website-design-development-company-noida.48.delayed]
[www.milkywayinfotech.in/public/front/img/services/shape-4.png]
[www.milkywayinfotech.in/public/front/img/testimonials/testimonials-1.jpg]
[www.milkywayinfotech.in/public/front/img/testimonials/testimonials-2.jpg]
[www.milkywayinfotech.in/public/front/img/testimonials/testimonials-3.jpg]
[www.milkywayinfotech.in/public/front/js/jquery.min.js]
[www.milkywayinfotech.in/public/front/js/bootstrap.bundle.min.js]
[www.milkywayinfotech.in/public/front/js/meanmenu.min.js]
[www.milkywayinfotech.in/public/front/js/owl.carousel.min.js]
[www.milkywayinfotech.in/public/front/js/carousel-thumbs.min.js]
[www.milkywayinfotech.in/public/front/js/wow.min.js]
[www.milkywayinfotech.in/public/front/js/magnific-popup.min.js]
[www.milkywayinfotech.in/public/front/js/appear.min.js]
[www.milkywayinfotech.in/public/front/js/odometer.min.js]
[www.milkywayinfotech.in/public/front/js/custom.js]
[milkywayinfotech.in/index.html]
[www.milkywayinfotech.in/public/front/css/bootstrap.min.css]
[www.milkywayinfotech.in/public/front/css/owl.video.play.html]
[www.milkywayinfotech.in/public/front/css/owl.carousel.min.css]
[www.milkywayinfotech.in/public/front/css/remixicon.css]
[www.milkywayinfotech.in/public/front/css/flaticon.css]
[www.milkywayinfotech.in/public/front/css/meanmenu.min.css]
[www.milkywayinfotech.in/public/front/css/animate.min.css]
[www.milkywayinfotech.in/public/front/images/banner/banner-bg.jpg]
[www.milkywayinfotech.in/public/front/img/slider/slider-bg.jpg]
[www.milkywayinfotech.in/public/front/img/milkyway-banner.jpg]
[www.milkywayinfotech.in/public/front/images/coming-soon-bg.5b.delayed]
[www.milkywayinfotech.in/public/front/css/style.css]
[www.milkywayinfotech.in/public/front/img/bg-pattern.jpg]
[www.milkywayinfotech.in/public/front/css/custome.css]
[www.milkywayinfotech.in/public/front/css/responsive.css]
[milkywayinfotech.in/index-2.html]
[milkywayinfotech.in/search-engine-optimization.html]
[milkywayinfotech.in/social-media-marketing.html]
[milkywayinfotech.in/social-media-optimization.html]
[milkywayinfotech.in/website-audit-and-analysis.html]
[milkywayinfotech.in/bulk-sms.html]
[milkywayinfotech.in/content-marketing.html]
[milkywayinfotech.in/email-marketing.html]
[milkywayinfotech.in/google-adwords.html]
[milkywayinfotech.in/google-analytics.html]
[milkywayinfotech.in/online-reputation-management.html]
[milkywayinfotech.in/email-template-designing.html]
[milkywayinfotech.in/parallex-website-designing.html]
[milkywayinfotech.in/responsive-website-designing.html]
[milkywayinfotech.in/static-website-designing.html]
[milkywayinfotech.in/website-redesigning.html]
[milkywayinfotech.in/website-mantainnence.html]
[milkywayinfotech.in/digital-designing-services.html]
[milkywayinfotech.in/logo-designing.html]
[milkywayinfotech.in/packaging-designing.html]
[milkywayinfotech.in/ppt-designing.html]
[milkywayinfotech.in/stationery-designing.html]
[milkywayinfotech.in/business-crm-solutions.html]
[milkywayinfotech.in/cms-development.html]
[milkywayinfotech.in/open-source-web-development.html]
[milkywayinfotech.in/-mysql_.html]
[milkywayinfotech.in/software-development.html]
[milkywayinfotech.in/web-application-development.html]
[milkywayinfotech.in/website-development-services.html]
[milkywayinfotech.in/android-application.html]
[milkywayinfotech.in/business-development-services.html]
[milkywayinfotech.in/custom-solutions.html]
[milkywayinfotech.in/ivr-solutions.html]
[milkywayinfotech.in/mobile-application.html]
[milkywayinfotech.in/mlm-software.html]
[milkywayinfotech.in/ssl-solutions.html]
[milkywayinfotech.in/ecommerce-web-design-and-development.html]
[milkywayinfotech.in/ecommerce-shopping-cart-development.html]
[milkywayinfotech.in/os-commerce-development.html]
[milkywayinfotech.in/opencart-development.html]
[milkywayinfotech.in/payment-gateway-integration.html]
[milkywayinfotech.in/portfolio.html]
[milkywayinfotech.in/career-with-us.html]
[milkywayinfotech.in/contact.html]
[milkywayinfotech.in/website-design-development-company-noida.html]
[milkywayinfotech.in/ecommerce-solutions.html]
[milkywayinfotech.in/shopify-customization.html]
[milkywayinfotech.in/about-us]
[www.milkywayinfotech.in/public/front/css/owl.video.play.html]
[www.milkywayinfotech.in/public/front/images/banner/banner-bg.html]
[www.milkywayinfotech.in/public/front/images/coming-soon-bg.html]
[milkywayinfotech.in/ecommerce-solutions.html]
[www.milkywayinfotech.in/public/front/img/video-img.jpg]
[milkywayinfotech.in/shopify-customization.html]
[www.milkywayinfotech.in/public/front/img/testimonial/1.png]
[www.milkywayinfotech.in/public/front/img/testimonial/2.png]
[www.milkywayinfotech.in/public/front/img/testimonial/3.png]
[www.milkywayinfotech.in/public/front/img/testimonial/4.png]
[www.milkywayinfotech.in/public/front/img/testimonial/5.png]
[www.milkywayinfotech.in/public/front/img/testimonial/6.png]
[www.milkywayinfotech.in/public/front/img/testimonial/7.png]
[www.milkywayinfotech.in/public/front/img/testimonial/8.png]
[milkywayinfotech.in/about-us]
[milkywayinfotech.in/ecommerce-solutions.html]
[milkywayinfotech.in/shopify-customization.html]
