[info.info/index.html]
[backblue.gif]
[fade.gif]
[index.html]
[info.info/sites/afilias-tld/files/INFO-Facebook-Image-V2.png]
[info.info/rss.xml]
[info.info/modules/system/system.basedc02.css]
[info.info/modules/system/system.menusdc02.css]
[info.info/modules/system/system.messagesdc02.css]
[info.info/modules/system/system.themedc02.css]
[info.info/sites/default/modules/contrib/adaptive_image/css/adaptive-imagedc02.css]
[info.info/modules/comment/commentdc02.css]
[info.info/sites/default/modules/contrib/date/date_api/datedc02.css]
[info.info/modules/field/theme/fielddc02.css]
[info.info/sites/default/modules/contrib/logintoboggan/logintoboggandc02.css]
[info.info/sites/default/modules/contrib/mollom/mollomdc02.css]
[info.info/modules/node/nodedc02.css]
[info.info/modules/search/searchdc02.css]
[info.info/modules/user/userdc02.css]
[info.info/sites/default/modules/contrib/views/css/viewsdc02.css]
[info.info/sites/default/modules/contrib/ctools/css/ctoolsdc02.css]
[info.info/sites/default/modules/contrib/field_group/field_groupdc02.css]
[info.info/modules/locale/localedc02.css]
[info.info/sites/default/modules/contrib/addtoany/addtoanydc02.css]
[info.info/sites/default/themes/afilias/css/screendc02.css]
[info.info/sites/afilias-tld/files/color/afilias-003aa754/colorsdc02.css]
[info.info/sites/afilias-tld/files/fontyourface/fontdc02.css]
[info.info/sites/default/modules/contrib/jquery_update/replace/jquery/1.7/jquery.minfe21.js]
[info.info/misc/jquery.once7839.js]
[info.info/misc/drupaldc02.js]
[info.info/sites/default/modules/contrib/admin_menu/admin_devel/admin_develdc02.js]
[info.info/sites/all/modules/google_analytics/googleanalyticsdc02.js]
[info.info/sites/default/modules/contrib/field_group/field_groupdc02.js]
[info.info/misc/collapsedc02.js]
[www.google-analytics.com/analytics.js]
[info.info/misc/formdc02.js]
[info.info/sites/afilias-tld/files/Flag-English.png]
[info.info/sites/default/themes/afilias/js/scripts.mindc02.js]
[info.info/why-info.html]
[info.info/whos-using.html]
[info.info/why-info/history-info.html]
[info.info/get-info.html]
[info.info/find-registrar.html]
[info.info/find-a-domain.html]
[info.info/get-info/tips-choosing-domain-name.html]
[info.info/newsroom.html]
[info.info/newsroom/news.html]
[info.info/newsroom/blog.html]
[info.info/newsroom/press_release.html]
[info.info/newsroom/video.html]
[info.info/newsroom/spotlight.html]
[info.info/registrars/become-registrar.html]
[info.info/registrars/registrar-relations.html]
[info.info/registrars/registrar-toolkit.html]
[info.info/about.html]
[info.info/about/our-domains.html]
[info.info/about/registrant-faqs.html]
[info.info/about/dispute-resolution.html]
[info.info/about/afilias-anti-abuse-policy.html]
[info.info/about/legal.html]
[info.info/contact-support.html]
[info.info/contact/media-relations.html]
[info.info/sites/afilias-tld/files/info-200x98.png]
[info.info/sites/afilias-tld/files/styles/homepage_image/public/Phase2-Slide-(final)_3d0bf.jpg]
[info.info/sites/afilias-tld/files/styles/signature_image/adaptive-image/public/worldometers27320.png]
[info.info/newsroom/spotlight/worldometers.html]
[info.info/sites/afilias-tld/files/styles/signature_image/adaptive-image/public/stm3_09438.png]
[info.info/newsroom/spotlight/STM-info.html]
[info.info/sites/afilias-tld/files/styles/signature_image/adaptive-image/public/matt-wildbore-wF14k8SyGzA-unsplash816c.jpg]
[info.info/newsroom/blog/help-my-domain-name-has-expired.html]
[info.info/sites/afilias-tld/files/styles/signature_image/adaptive-image/public/work-at-home_t20_GGpX711f2a.jpg]
[info.info/newsroom/blog/domains-make-it-personal.html]
[info.info/sites/afilias-tld/files/styles/signature_image/adaptive-image/public/networking at conference8da9.jpg]
[info.info/newsroom/blog/going-conference-network-heres-how-domains-can-carry-day.html]
[info.info/sites/afilias-tld/files/styles/signature_image/adaptive-image/public/advertising table with coffeecfe3.jpg]
[info.info/newsroom/blog/putting-it-paper-how-good-domain-choice-can-unify-print-and-online-campaigns.html]
[info.info/sites/afilias-tld/files/styles/signature_image/adaptive-image/public/looking at computers making decisions6050.jpg]
[info.info/newsroom/blog/perfect-domain-your-digital-campaign.html]
[info.info/sites/afilias-tld/files/styles/signature_image/adaptive-image/public/computer with kid playing wiht leggosc04f.jpg]
[info.info/newsroom/blog/step-step-guide-registering-your-domain.html]
[info.info/index.html]
[info.info/newsroom/all.html]
[info.info/misc/throbber-inactive.png]
[info.info/misc/throbber-active.gif]
[info.info/misc/grippie.png]
[info.info/misc/draggable.png]
[info.info/misc/tree.png]
[info.info/misc/tree-bottom.png]
[info.info/modules/system/system.basedc02.css]
[info.info/misc/menu-expanded.png]
[info.info/misc/menu-collapsed.png]
[info.info/misc/menu-leaf.png]
[info.info/modules/system/system.menusdc02.css]
[info.info/misc/message-24-ok.png]
[info.info/misc/message-24-warning.png]
[info.info/misc/message-24-error.png]
[info.info/modules/system/system.messagesdc02.css]
[info.info/misc/help.png]
[info.info/misc/progress.gif]
[info.info/modules/system/system.themedc02.css]
[info.info/sites/default/modules/contrib/adaptive_image/css/adaptive-imagedc02.css]
[info.info/modules/comment/commentdc02.css]
[info.info/sites/default/modules/contrib/date/date_api/datedc02.css]
[info.info/modules/field/theme/fielddc02.css]
[info.info/sites/default/modules/contrib/logintoboggan/logintoboggandc02.css]
[info.info/sites/default/modules/contrib/mollom/mollomdc02.css]
[info.info/modules/node/nodedc02.css]
[info.info/modules/search/searchdc02.css]
[info.info/modules/user/userdc02.css]
[info.info/sites/default/modules/contrib/views/css/viewsdc02.css]
[info.info/sites/default/modules/contrib/ctools/images/status-active.gif]
[info.info/sites/default/modules/contrib/ctools/css/ctoolsdc02.css]
[info.info/misc/ui/images/ui-bg_glass_75_e6e6e6_1x400.png]
[info.info/sites/default/modules/contrib/field_group/field_groupdc02.css]
[info.info/modules/locale/localedc02.css]
[info.info/sites/default/modules/contrib/addtoany/addtoanydc02.css]
[info.info/sites/default/themes/afilias/fonts/DINReg/DINWeb.eot]
[info.info/sites/default/themes/afilias/fonts/DINReg/DINWebd41d.eot]
[info.info/sites/default/themes/afilias/fonts/DINReg/DINWeb.woff]
[info.info/sites/default/themes/afilias/fonts/DINReg/DINComp.ttf]
[info.info/sites/default/themes/afilias/fonts/DINReg/DINComp.svg]
[info.info/sites/default/themes/afilias/fonts/DINMed/DINWeb-Medium.eot]
[info.info/sites/default/themes/afilias/fonts/DINMed/DINWeb-Mediumd41d.eot]
[info.info/sites/default/themes/afilias/fonts/DINMed/DINWeb-Medium.woff]
[info.info/sites/default/themes/afilias/fonts/DINMed/DINComp-Medium.ttf]
[info.info/sites/default/themes/afilias/fonts/DINMed/DINComp-Medium.svg]
[info.info/sites/default/themes/afilias/fonts/DINBold/DINWeb-Bold.eot]
[info.info/sites/default/themes/afilias/fonts/DINBold/DINWeb-Boldd41d.eot]
[info.info/sites/default/themes/afilias/fonts/DINBold/DINWeb-Bold.woff]
[info.info/sites/default/themes/afilias/fonts/DINBold/DINComp-Bold.ttf]
[info.info/sites/default/themes/afilias/fonts/DINBold/DINComp-Bold.svg]
[info.info/sites/default/themes/afilias/fonts/DINIta/DINWeb-Ita.eot]
[info.info/sites/default/themes/afilias/fonts/DINIta/DINWeb-Itad41d.eot]
[info.info/sites/default/themes/afilias/fonts/DINIta/DINWeb-Ita.woff]
[info.info/sites/default/themes/afilias/fonts/DINIta/DINComp-Ita.ttf]
[info.info/sites/default/themes/afilias/fonts/DINIta/DINComp-Ita.svg]
[info.info/sites/default/themes/afilias/img/layout/header-shadow625c.png]
[info.info/sites/default/themes/afilias/img/layout/header-top-bg625c.jpg]
[info.info/sites/default/themes/afilias/img/layout/top-section-shadow625c.png]
[info.info/sites/default/themes/afilias/img/icons/menu-close625c.png]
[info.info/sites/default/themes/afilias/img/layout/hamburger625c.png]
[info.info/sites/default/themes/afilias/img/icons/close625c.png]
[info.info/sites/default/themes/afilias/img/layout/go-to-top625c.png]
[info.info/sites/default/themes/afilias/img/layout/go-to-top-hover625c.png]
[info.info/sites/default/themes/afilias/img/icons/file-icon625c.png]
[info.info/sites/default/themes/afilias/img/layout/nav_arrow-down625c.png]
[info.info/sites/default/themes/afilias/img/layout/nav_arrow-up625c.png]
[info.info/sites/default/themes/afilias/img/layout/language-arrow625c.png]
[info.info/sites/default/themes/afilias/img/layout/language-arrow-open625c.png]
[info.info/sites/default/themes/afilias/img/layout/arrow-right625c.png]
[info.info/sites/default/themes/afilias/img/layout/arrow-left625c.png]
[info.info/sites/default/themes/afilias/img/layout/flag-arrow-right625c.png]
[info.info/sites/default/themes/afilias/img/layout/flag-arrow-left625c.png]
[info.info/sites/default/themes/afilias/img/layout/flag-slider-bg625c.jpg]
[info.info/sites/default/themes/afilias/img/icons/breadcrumb625c.png]
[info.info/sites/default/themes/afilias/img/icons/home625c.png]
[info.info/sites/default/themes/afilias/img/layout/active-language-bg625c.jpg]
[info.info/sites/default/themes/afilias/img/layout/hr625c.png]
[info.info/sites/default/themes/afilias/img/layout/spotlight-banner-bg625c.png]
[info.info/sites/default/themes/afilias/img/layout/link-arrow625c.png]
[info.info/sites/default/themes/afilias/img/layout/select-arrow625c.png]
[info.info/sites/default/themes/afilias/img/layout/keyword-search625c.png]
[info.info/sites/default/themes/afilias/img/layout/facebook-social-block-image625c.png]
[info.info/sites/default/themes/afilias/img/icons/facebook625c.png]
[info.info/sites/default/themes/afilias/img/icons/twitter625c.png]
[info.info/sites/default/themes/afilias/img/icons/youtube625c.png]
[info.info/sites/default/themes/afilias/img/icons/googleplus625c.png]
[info.info/sites/default/themes/afilias/img/icons/pinterest625c.png]
[info.info/sites/default/themes/afilias/img/icons/linkedin625c.png]
[info.info/sites/default/themes/afilias/img/layout/small-arrow-right625c.png]
[info.info/sites/default/themes/afilias/img/icons/link-arrow625c.png]
[info.info/sites/default/themes/afilias/img/icons/play625c.png]
[info.info/sites/default/themes/afilias/img/layout/recaptcha625c.png]
[info.info/sites/default/themes/afilias/img/icons/refresh625c.png]
[info.info/sites/default/themes/afilias/img/icons/audio625c.png]
[info.info/sites/default/themes/afilias/img/icons/text625c.png]
[info.info/sites/default/themes/afilias/img/icons/help625c.png]
[info.info/sites/default/themes/afilias/css/screendc02.css]
[info.info/sites/afilias-tld/files/color/afilias-003aa754/colorsdc02.css]
[info.info/sites/afilias-tld/files/fontyourface/fontdc02.css]
[info.info/sites/default/themes/afilias/css/printdc02.css]
[www.googletagmanager.com/gtm5445.html]
[info.info/node/1.html]
[info.info/sites/default/modules/cx/path_breadcrumbs/css/path_breadcrumbsdc02.css]
[static.addtoany.com/menu/page.js]
[info.info/sites/afilias-tld/files/af-backrgound.jpg]
[info.info/why-info.html]
[info.info/sites/default/modules/contrib/views_infinite_scroll/css/views_infinite_scrolldc02.css]
[info.info/find-domain/index.html]
[info.info/sites/default/modules/contrib/views_infinite_scroll/js/jquery.autopager-1.0.0dc02.js]
[info.info/sites/default/modules/contrib/views_infinite_scroll/js/views_infinite_scrolldc02.js]
[info.info/sites/afilias-tld/files/styles/signature_image/adaptive-image/public/info -patient411c.png]
[info.info/newsroom/spotlight/patient.html]
[info.info/newsroom/spotlight/how2recycleinfo.html]
[info.info/sites/afilias-tld/files/styles/signature_image/adaptive-image/public/mta1f83.png]
[info.info/newsroom/spotlight/mtainfo.html]
[info.info/sites/afilias-tld/files/styles/signature_image/adaptive-image/public/pga2229a.png]
[info.info/newsroom/spotlight/pgainfo.html]
[info.info/sites/afilias-tld/files/styles/signature_image/adaptive-image/public/iririr81ce.png]
[info.info/newsroom/spotlight/indian-railways.html]
[info.info/sites/afilias-tld/files/styles/signature_image/adaptive-image/public/info - european8ad8.jpg]
[info.info/newsroom/spotlight/european-athletics.html]
[info.info/sites/afilias-tld/files/styles/signature_image/adaptive-image/public/info - harry potterca58.jpg]
[info.info/newsroom/spotlight/warner-bros-entertainment-official-harry-potter-shop.html]
[info.info/sites/afilias-tld/files/styles/signature_image/adaptive-image/public/info -parkbddf.jpg]
[info.info/newsroom/spotlight/dogwood-canyon-nature-park.html]
[info.info/sites/afilias-tld/files/styles/signature_image/adaptive-image/public/81bOkVCRDcL._RI_SX380_4dfa.jpg]
[info.info/newsroom/spotlight/13-reasons-why.html]
[info.info/sites/afilias-tld/files/styles/signature_image/adaptive-image/public/info - visit trentinoa1a7.jpg]
[info.info/newsroom/spotlight/visit-trentino.html]
[info.info/whos-using.html]
[info.info/whos-using2679.html]
[info.info/node/730.html]
[info.info/direct-download/INFO 3 year anaylsis.pdf]
[info.info/direct-download/INFO 4 mil report.pdf]
[info.info/direct-download/INFO update_09.pdf]
[info.info/direct-download/INFO Annual Report 2010.pdf]
[info.info/why-info/history-info.html]
[info.info/get-info.html]
[info.info/node/2.html]
[info.info/sites/default/modules/contrib/jquery_update/replace/ui/external/jquery.cookie1683.js]
[info.info/sites/default/modules/contrib/jquery_update/replace/misc/jquery.form.min97e5.js]
[info.info/misc/ajax1710.js]
[info.info/sites/default/modules/contrib/jquery_update/js/jquery_update241d.js]
[info.info/sites/default/modules/cx/views_load_more/views_load_moredc02.js]
[info.info/sites/default/modules/contrib/views/js/basedc02.js]
[info.info/misc/progress1710.js]
[info.info/sites/default/modules/contrib/views/js/ajax_viewdc02.js]
[info.info/find-registrar.html]
[info.info/find-registrar2679.html]
[info.info/find-a-domain.html]
[info.info/misc/form1710.js]
[info.info/get-info/tips-choosing-domain-name.html]
[info.info/node/735.html]
[info.info/sites/afilias-tld/files/styles/signature_image/adaptive-image/public/url-domain-hacks8f65.png]
[info.info/newsroom/blog/using-domain-hack-your-small-business-website-address.html]
[info.info/sites/afilias-tld/files/styles/signature_image/adaptive-image/public/devin-edwards-JmmXKlJ8MKQ-unsplasha136.jpg]
[info.info/newsroom/blog/tips-and-tools-creating-infographics-your-small-business.html]
[info.info/sites/afilias-tld/files/styles/signature_image/adaptive-image/public/kari-shea-1SAnrIxw5OY-unsplash_06642.jpg]
[info.info/newsroom/blog/web-hosting-what-look-provider.html]
[info.info/sites/afilias-tld/files/styles/signature_image/adaptive-image/public/jens-kreuter-GAPfhkgmZlQ-unsplash_09731.jpg]
[info.info/newsroom/blog/how-add-pop-ups-your-site-right-way.html]
[info.info/sites/afilias-tld/files/styles/signature_image/adaptive-image/public/website-454460_19205ba1.png]
[info.info/newsroom/blog/facts-about-transferring-your-domain-name.html]
[info.info/sites/afilias-tld/files/styles/signature_image/adaptive-image/public/text-editor-1794110_0563f.png]
[info.info/newsroom/blog/4-ways-organize-information-heavy-websites.html]
[info.info/sites/afilias-tld/files/styles/signature_image/adaptive-image/public/teemu-paananen-bzdhc5b3Bxs-unsplash9e58.jpg]
[info.info/newsroom/blog/how-create-professional-presentations-impact.html]
[info.info/sites/afilias-tld/files/styles/signature_image/adaptive-image/public/laptop-computer-with-white-screen-for-text-or-advertising-lay-out_t20_GJe3B1727c.jpg]
[info.info/newsroom/blog/what-ssl-and-do-you-need-it-your-website.html]
[info.info/sites/afilias-tld/files/styles/signature_image/adaptive-image/public/jakob-owens-u1oQ3LvjOlA-unsplashaca8.jpg]
[info.info/newsroom/blog/how-easily-create-and-publish-youtube-video.html]
[info.info/newsroom.html]
[info.info/newsroom2679.html]
[info.info/sites/afilias-tld/files/styles/signature_image/adaptive-image/public/400x400bac1.png]
[info.info/newsroom/news/inside-interview-exclusive-look-76000-info-acquisition.html]
[info.info/sites/afilias-tld/files/styles/signature_image/adaptive-image/public/tnw-logo-red small602a.png]
[info.info/newsroom/news/next-web-8-myths-about-new-domain-names.html]
[info.info/sites/afilias-tld/files/styles/signature_image/adaptive-image/public/20150514182246--com-website-web-domain-words6918.jpg]
[info.info/newsroom/news/4-reasons-why-you-should-ditch-com-good.html]
[info.info/newsroom/news/moniker-and-snapnames-announce-premium-info-domain-name-auction.html]
[info.info/newsroom/news/sedo-info-premium-name-auction-starts-may-29-2013.html]
[info.info/sites/afilias-tld/files/styles/signature_image/adaptive-image/public/NameJet_Logo251d3.jpg]
[info.info/newsroom/news/reminder-new-info-premium-name-auction-may-3-10-2013.html]
[info.info/newsroom/news/auction-info-domains-go-daddy-through-december-14-2012.html]
[info.info/newsroom/news/oinfo-portal-now-live.html]
[info.info/newsroom/news.html]
[info.info/newsroom/news/info-site-featured-cbs.html]
[info.info/sites/afilias-tld/files/styles/signature_image/adaptive-image/public/prince-abid-LeZItQhwFks-unsplash2ee6.jpg]
[info.info/newsroom/blog/7-key-steps-help-launch-your-own-podcast.html]
[info.info/sites/afilias-tld/files/styles/signature_image/adaptive-image/public/j-kelly-brito-256889-unsplash75c0.jpg]
[info.info/newsroom/blog/4-footer-must-haves-winning-website.html]
[info.info/newsroom/blog.html]
[info.info/newsroom/blog2679.html]
[info.info/newsroom/press-release/“dotinfo”-summer-spotting-contest-launches-today.html]
[info.info/newsroom/press-release/voting-opens-best-info-website-2011.html]
[info.info/newsroom/press-release/afilias-launches-2011-info-awards-select-year’s-best-websites.html]
[info.info/newsroom/press-release/afilias-announces-intention-apply-chinese-idn-versions-info-domain.html]
[info.info/newsroom/press-release/afilias-releases-info-domain-2010-annual-report.html]
[info.info/newsroom/press-release/afilias-announces-winners-2010-info-awards.html]
[info.info/newsroom/press-release/voting-opens-best-info-web-site-2010.html]
[info.info/newsroom/press-release/afilias-receives-excellence-online-trust-award-online-trust-alliance.html]
[info.info/newsroom/press-release/afilias-secures-info-domain-dnssec.html]
[info.info/newsroom/press-release/afilias-announces-judging-panel-2010-info-awards.html]
[info.info/newsroom/press-release/afilias-opens-info-awards-select-best-websites-2010.html]
[info.info/newsroom/press-release/afilias-launches-hunt-ads-featuring-info-domains.html]
[info.info/newsroom/press_release.html]
[info.info/newsroom/press_release2679.html]
[info.info/sites/afilias-tld/files/styles/signature_image/adaptive-image/public/info awards 10b953.png]
[info.info/sites/afilias-tld/files/styles/signature_image/adaptive-image/public/Imagine0204.png]
[info.info/newsroom/video.html]
[info.info/sites/afilias-tld/files/styles/signature_image/adaptive-image/public/electricfactory26922.png]
[info.info/newsroom/spotlight/electricfactoryinfo.html]
[info.info/sites/afilias-tld/files/styles/signature_image/adaptive-image/public/info - thunderbolt project0141.jpg]
[info.info/newsroom/spotlight/thunderbolts-project.html]
[info.info/sites/afilias-tld/files/styles/signature_image/adaptive-image/public/info - libraryb2c1.png]
[info.info/newsroom/spotlight/siuslaw-public-library-district.html]
[info.info/newsroom/spotlight.html]
[info.info/newsroom/spotlight2679.html]
[info.info/node/485.html]
[info.info/registrars/become-registrar.html]
[info.info/about/about-afilias.html]
[info.info/registrars/registrar-relations.html]
[info.info/node/1203.html]
[info.info/node/1259.html]
[info.info/direct-download/INFO_Redwood_EPP_OTE_criteria_v1.7.2_updated_Nov011_2013 (2).pdf]
[info.info/registrars/registrar-toolkit.html]
[info.info/about.html]
[info.info/node/512.html]
[info.info/about/our-domains.html]
[info.info/node/514.html]
[info.info/about/registrant-faqs.html]
[info.info/node/1311.html]
[info.info/node/523.html]
[info.info/direct-download/Afilias Sunrise-Dispute-Resolution-Policy.pdf]
[info.info/about/dispute-resolution.html]
[info.info/node/527.html]
[info.info/direct-download/Afilias Personal Data Protection Policy_15 April 2014.pdf]
[info.info/direct-download/Afilias-Whois-Policy.pdf]
[info.info/direct-download/DNSSEC Practices Statement.pdf]
[info.info/direct-download/Afilias Names Collisions Block List Policy.pdf]
[info.info/direct-download/Afilias URS policy.pdf]
[info.info/about/afilias-anti-abuse-policy.html]
[info.info/about/legal.html]
[info.info/node/525.html]
[info.info/contact-support.html]
[info.info/node/519.html]
[info.info/contact/media-relations.html]
[info.info/node/515.html]
[info.info/node/5184.html]
[info.info/sites/afilias-tld/files/worldometers2.png]
[info.info/newsroom/spotlight/worldometers.html]
[info.info/newsroom/Spotlight-2.html]
[info.info/node/5124.html]
[info.info/sites/afilias-tld/files/stm3_0.png]
[info.info/sites/afilias-tld/files/styles/large/public/stm info6741.png]
[info.info/author/sarah-leonard.html]
[info.info/spotlight/travel.html]
[info.info/sites/afilias-tld/files/styles/video_thumbnail/public/stm37feb.png]
[info.info/newsroom/spotlight/STM-info.html]
[info.info/node/5089.html]
[info.info/sites/afilias-tld/files/matt-wildbore-wF14k8SyGzA-unsplash.jpg]
[get.green/sites/afilias-tld/files/styles/large/public/brooke-cagle-_ihwcvahzRk-unsplash84b4.jpg]
[info.info/newsroom/Blog-2.html]
[info.info/author/clare-needham.html]
[info.info/topics/domain-names.html]
[info.info/newsroom/blog/help-my-domain-name-has-expired.html]
[info.info/topics/website.html]
[info.info/node/5046.html]
[info.info/sites/afilias-tld/files/work-at-home_t20_GGpX71.jpg]
[info.info/author/dan-virgillito.html]
[info.info/newsroom/blog/domains-make-it-personal.html]
[info.info/topics/branding.html]
[info.info/node/5032.html]
[info.info/sites/afilias-tld/files/networking at conference.jpg]
[info.info/author/brittany-hodak.html]
[info.info/topics/entrepreneurship.html]
[info.info/topics/social-networking.html]
[info.info/newsroom/blog/going-conference-network-heres-how-domains-can-carry-day.html]
[info.info/topics/tips.html]
[info.info/node/4968.html]
[info.info/sites/afilias-tld/files/advertising table with coffee.jpg]
[info.info/author/danny-bradbury.html]
[info.info/topics/advertising.html]
[info.info/topics/digital-marketing.html]
[info.info/topics/marketing.html]
[info.info/newsroom/blog/putting-it-paper-how-good-domain-choice-can-unify-print-and-online-campaigns.html]
[info.info/topics/small-business-marketing.html]
[info.info/node/4945.html]
[info.info/sites/afilias-tld/files/looking at computers making decisions.jpg]
[info.info/newsroom/blog/perfect-domain-your-digital-campaign.html]
[info.info/node/4839.html]
[info.info/sites/afilias-tld/files/computer with kid playing wiht leggos.jpg]
[info.info/newsroom/blog/step-step-guide-registering-your-domain.html]
[info.info/newsroom/all.html]
[info.info/sites/default/themes/afilias/fonts/DINReg/DINComp.svg]
[info.info/sites/default/themes/afilias/fonts/DINMed/DINComp-Medium.svg]
[info.info/sites/default/themes/afilias/fonts/DINBold/DINComp-Bold.svg]
[info.info/sites/default/themes/afilias/fonts/DINIta/DINComp-Ita.svg]
[info.info/node/1.html]
[info.info/sites/default/modules/cx/path_breadcrumbs/css/path_breadcrumbsdc02.css]
[info.info/find-domain/index.html]
[info.info/sites/default/modules/contrib/views_infinite_scroll/css/views_infinite_scrolldc02.css]
[info.info/node/4523.html]
[info.info/sites/afilias-tld/files/info -patient.png]
[info.info/newsroom/spotlight/patient.html]
[info.info/sites/afilias-tld/files/styles/signature_image/adaptive-image/public/how2recyclee242.html]
[info.info/spotlight/health.html]
[info.info/node/604.html]
[info.info/sites/afilias-tld/files/how2recycle.png]
[info.info/sites/afilias-tld/files/styles/spotlight_banner/public/how2recycle2eedb.png]
[info.info/spotlight/causes.html]
[info.info/spotlight/community.html]
[info.info/newsroom/spotlight/how2recycleinfo.html]
[info.info/spotlight/environment.html]
[info.info/node/587.html]
[info.info/sites/afilias-tld/files/mta.png]
[info.info/sites/afilias-tld/files/styles/spotlight_banner/public/mta29f81.png]
[info.info/spotlight/local.html]
[info.info/newsroom/spotlight/mtainfo.html]
[info.info/spotlight/reference.html]
[info.info/node/586.html]
[info.info/sites/afilias-tld/files/pga2.png]
[info.info/sites/afilias-tld/files/styles/spotlight_banner/public/pga3a592.png]
[info.info/newsroom/spotlight/pgainfo.html]
[info.info/spotlight/sports.html]
[info.info/node/5085.html]
[info.info/sites/afilias-tld/files/iririr.png]
[info.info/sites/afilias-tld/files/styles/large/public/jk-gJhev0YgUcE-unsplash3587.jpg]
[info.info/newsroom/spotlight/indian-railways.html]
[info.info/spotlight/internet.html]
[info.info/node/4964.html]
[info.info/sites/afilias-tld/files/info - european.jpg]
[info.info/newsroom/spotlight/european-athletics.html]
[info.info/node/4963.html]
[info.info/sites/afilias-tld/files/info - harry potter.jpg]
[info.info/newsroom/spotlight/warner-bros-entertainment-official-harry-potter-shop.html]
[info.info/spotlight/business.html]
[info.info/node/4871.html]
[info.info/sites/afilias-tld/files/info -park.jpg]
[info.info/spotlight/culture.html]
[info.info/newsroom/spotlight/dogwood-canyon-nature-park.html]
[info.info/spotlight/education.html]
[info.info/node/4870.html]
[info.info/sites/afilias-tld/files/81bOkVCRDcL._RI_SX380_.jpg]
[info.info/newsroom/spotlight/13-reasons-why.html]
[info.info/node/4817.html]
[info.info/sites/afilias-tld/files/info - visit trentino.jpg]
[info.info/newsroom/spotlight/visit-trentino.html]
[info.info/sites/afilias-tld/files/styles/signature_image/adaptive-image/public/info - cambridge jazz8987.jpg]
[info.info/newsroom/spotlight/cambridge-jazz-festival.html]
[info.info/sites/afilias-tld/files/styles/signature_image/adaptive-image/public/info - frieze355e.jpg]
[info.info/newsroom/spotlight/frieze.html]
[info.info/sites/afilias-tld/files/styles/signature_image/adaptive-image/public/info - ku67e5.jpg]
[info.info/newsroom/spotlight/university-kansas-medical-center.html]
[info.info/sites/afilias-tld/files/styles/signature_image/adaptive-image/public/info - rubincb50.jpg]
[info.info/newsroom/spotlight/rubin-museum-art.html]
[info.info/sites/afilias-tld/files/styles/signature_image/adaptive-image/public/info - leo1740.jpg]
[info.info/newsroom/spotlight/leonardoisast.html]
[info.info/sites/afilias-tld/files/styles/signature_image/adaptive-image/public/info - northern7022.jpg]
[info.info/newsroom/spotlight/northern-dimension.html]
[info.info/sites/afilias-tld/files/styles/signature_image/adaptive-image/public/guardian1089.png]
[info.info/newsroom/spotlight/guardianprojectinfo.html]
[info.info/sites/afilias-tld/files/styles/signature_image/adaptive-image/public/info - busa764.jpg]
[info.info/newsroom/spotlight/thebuswayinfo.html]
[info.info/sites/afilias-tld/files/styles/signature_image/adaptive-image/public/sfwaterbb49.png]
[info.info/newsroom/spotlight/sfwaterinfo.html]
[info.info/sites/afilias-tld/files/styles/signature_image/adaptive-image/public/batlifeb5b1.jpg]
[info.info/newsroom/spotlight/batlife-europeinfo.html]
[info.info/whos-using2679.html]
[info.info/node/730.html]
[info.info/node/2.html]
[info.info/whos-using4658.html]
[info.info/find-registrar2679.html]
[info.info/node/735.html]
[info.info/find-registrar4658.html]
[info.info/node/5165.html]
[info.info/sites/afilias-tld/files/url-domain-hacks.png]
[info.info/sites/afilias-tld/files/styles/large/public/tld-hack1e52.png]
[info.info/newsroom/blog/using-domain-hack-your-small-business-website-address.html]
[info.info/author/edward-jones.html]
[info.info/node/5144.html]
[info.info/sites/afilias-tld/files/devin-edwards-JmmXKlJ8MKQ-unsplash.jpg]
[info.info/sites/afilias-tld/files/styles/large/public/dose-media-gxGtqG5ul2g-unsplash_01226.jpg]
[info.info/author/carrie-cousins.html]
[info.info/newsroom/blog/tips-and-tools-creating-infographics-your-small-business.html]
[info.info/topics/web-design.html]
[info.info/node/5129.html]
[info.info/sites/afilias-tld/files/kari-shea-1SAnrIxw5OY-unsplash_0.jpg]
[info.info/sites/afilias-tld/files/styles/large/public/kari-shea-1SAnrIxw5OY-unsplash958b.jpg]
[info.info/newsroom/blog/web-hosting-what-look-provider.html]
[info.info/node/5128.html]
[info.info/sites/afilias-tld/files/jens-kreuter-GAPfhkgmZlQ-unsplash_0.jpg]
[info.info/sites/afilias-tld/files/styles/large/public/jens-kreuter-GAPfhkgmZlQ-unsplasheec3.jpg]
[info.info/newsroom/blog/how-add-pop-ups-your-site-right-way.html]
[info.info/node/5122.html]
[info.info/sites/afilias-tld/files/website-454460_1920.png]
[info.info/sites/afilias-tld/files/styles/large/public/nik-macmillan-YXemfQiPR_E-unsplash_07a3a.jpg]
[info.info/sites/afilias-tld/files/styles/large/public/hand-using-laptop-computer-and-holding-credit-card-online-shopping-concept_t20_JzRzLw71a0.jpg]
[info.info/newsroom/blog/facts-about-transferring-your-domain-name.html]
[info.info/node/5121.html]
[info.info/sites/afilias-tld/files/text-editor-1794110_0.png]
[info.info/sites/afilias-tld/files/styles/large/public/info graphic OC2d3ed.png]
[info.info/sites/afilias-tld/files/styles/large/public/kobu-agency-jmZ6QjvJjvk-unsplash8b65.jpg]
[info.info/author/elizabeth-hooper.html]
[info.info/newsroom/blog/4-ways-organize-information-heavy-websites.html]
[info.info/node/5118.html]
[info.info/sites/afilias-tld/files/teemu-paananen-bzdhc5b3Bxs-unsplash.jpg]
[info.info/sites/afilias-tld/files/styles/large/public/edho-pratama-T6fDN60bMWY-unsplash1ba9.jpg]
[info.info/sites/afilias-tld/files/styles/large/public/canva pres6954.png]
[info.info/newsroom/blog/how-create-professional-presentations-impact.html]
[info.info/node/5110.html]
[info.info/sites/afilias-tld/files/laptop-computer-with-white-screen-for-text-or-advertising-lay-out_t20_GJe3B1.jpg]
[info.info/sites/afilias-tld/files/styles/large/public/andreas-palmer-UJSjxFNLFWY-unsplash_02675.jpg]
[info.info/sites/afilias-tld/files/styles/large/public/matt-wildbore-wF14k8SyGzA-unsplash_0329b.jpg]
[info.info/topics/security.html]
[info.info/newsroom/blog/what-ssl-and-do-you-need-it-your-website.html]
[info.info/node/5086.html]
[info.info/sites/afilias-tld/files/jakob-owens-u1oQ3LvjOlA-unsplash.jpg]
[info.info/newsroom/blog/youtube-videos-promote-your-small-business]
[get.green/sites/afilias-tld/files/styles/large/public/yay, it's black friday!3f44.png]
[get.green/sites/afilias-tld/files/styles/large/public/nick-dietrich-wH5mOmSnwLI-unsplash9e7c.jpg]
[get.green/sites/afilias-tld/files/styles/large/public/bangkok-thailand-june-28-2016-hand-holding-smartphone-with-youtube-app-with-laptop-and-sunglasses-on_t20_v33pEOae02.jpg]
[info.info/newsroom/blog/do-keywords-still-work-how-improve-your-google-search-rank-year.19f.delayed]
[info.info/author/sharon-hurley-hall.html]
[info.info/newsroom/blog/how-easily-create-and-publish-youtube-video.html]
[info.info/topics/promotion.html]
[info.info/sites/afilias-tld/files/styles/signature_image/adaptive-image/public/instagram-logo-made-by-thousands-of-colourful-dots_t20_P1QXEN52d2.jpg]
[info.info/newsroom/blog/instagram-has-changed-heres-what-you-need-know.html]
[info.info/sites/afilias-tld/files/styles/signature_image/adaptive-image/public/jon-tyson-195064-unsplashf5d5.jpg]
[info.info/newsroom/blog/5-ways-make-your-email-newsletters-count.html]
[info.info/sites/afilias-tld/files/styles/signature_image/adaptive-image/public/john-schnobrich-520019-unsplashb60d.jpg]
[info.info/newsroom/blog/5-email-marketing-mistakes-can-sink-your-campaigns.html]
[info.info/sites/afilias-tld/files/styles/signature_image/adaptive-image/public/people-at-the-office-talking-and-brainstorming_t20_6w0nnO4f75.png]
[info.info/newsroom/blog/upgrade-your-email-marketing-15-minutes-domain-emails.html]
[info.info/sites/afilias-tld/files/styles/signature_image/adaptive-image/public/multiple laptops36bc.jpg]
[info.info/newsroom/blog/how-decide-how-many-domains-you-should-buy.html]
[info.info/sites/afilias-tld/files/styles/signature_image/adaptive-image/public/mom and daughter baking together5620.jpg]
[info.info/newsroom/blog/five-ways-help-customers-remember-your-business.html]
[info.info/newsroom2679.html]
[info.info/newsroom4658.html]
[info.info/node/3976.html]
[info.info/sites/afilias-tld/files/400x400.png]
[info.info/newsroom/news/inside-interview-exclusive-look-76000-info-acquisition.html]
[info.info/newsroom/News-2.html]
[info.info/node/4262.html]
[info.info/sites/afilias-tld/files/tnw-logo-red small.png]
[info.info/newsroom/news/next-web-8-myths-about-new-domain-names.html]
[info.info/node/3406.html]
[info.info/sites/afilias-tld/files/20150514182246--com-website-web-domain-words.jpg]
[info.info/newsroom/news/4-reasons-why-you-should-ditch-com-good.html]
[info.info/topics/trends.html]
[info.info/node/1225.html]
[info.info/newsroom/news/moniker-and-snapnames-announce-premium-info-domain-name-auction.html]
[info.info/topics/auction.html]
[info.info/node/1189.html]
[info.info/newsroom/news/sedo-info-premium-name-auction-starts-may-29-2013.html]
[info.info/topics/top-sale.html]
[info.info/node/1188.html]
[info.info/sites/afilias-tld/files/NameJet_Logo2.jpg]
[info.info/newsroom/news/reminder-new-info-premium-name-auction-may-3-10-2013.html]
[info.info/newsroom/news/auction-info-domains-go-daddy-through-december-14-2012.html]
[info.info/node/1187.html]
[info.info/node/1185.html]
[info.info/newsroom/news/oinfo-portal-now-live.html]
[info.info/topics/featured-site.html]
[info.info/newsroom/news/info-site-featured-cbs.html]
[info.info/node/1153.html]
[info.info/node/5084.html]
[info.info/sites/afilias-tld/files/prince-abid-LeZItQhwFks-unsplash.jpg]
[info.info/sites/afilias-tld/files/styles/large/public/7 steps toa5ce.png]
[info.info/sites/afilias-tld/files/styles/large/public/austin-distel-VCFxt2yT1eQ-unsplashcb9c.jpg]
[info.info/sites/afilias-tld/files/styles/large/public/beautiful-young-woman-with-red-lipstick-in-red-dress-uses-phone-and-earphones_t20_GJ774R82d5.jpg]
[info.info/newsroom/blog/7-key-steps-help-launch-your-own-podcast.html]
[info.info/topics/community-outreach.html]
[info.info/node/5076.html]
[info.info/sites/afilias-tld/files/j-kelly-brito-256889-unsplash.jpg]
[info.info/sites/afilias-tld/files/styles/large/public/j-kelly-brito-256889-unsplash_00aac.jpg]
[info.info/newsroom/blog/4-footer-must-haves-winning-website.html]
[info.info/sites/afilias-tld/files/styles/signature_image/adaptive-image/public/lady using laptopc0de.jpg]
[info.info/newsroom/blog/short-and-sweet-benefits-setting-custom-link-shortener.html]
[info.info/newsroom/blog2679.html]
[info.info/newsroom/blog4658.html]
[info.info/node/964.html]
[info.info/newsroom/Press Release.html]
[info.info/newsroom/press-release/“dotinfo”-summer-spotting-contest-launches-today.html]
[info.info/topics/contest.html]
[info.info/node/963.html]
[info.info/newsroom/press-release/voting-opens-best-info-website-2011.html]
[info.info/topics/awards.html]
[info.info/newsroom/press-release/afilias-launches-2011-info-awards-select-year’s-best-websites.html]
[info.info/node/923.html]
[info.info/newsroom/press-release/afilias-announces-intention-apply-chinese-idn-versions-info-domain.html]
[info.info/node/915.html]
[info.info/node/903.html]
[info.info/direct-download/AFI030-2010INFOAnnualReport-FINAL.pdf]
[info.info/newsroom/press-release/afilias-releases-info-domain-2010-annual-report.html]
[info.info/topics/report.html]
[info.info/newsroom/press-release/afilias-announces-winners-2010-info-awards.html]
[info.info/node/889.html]
[info.info/node/878.html]
[info.info/newsroom/press-release/voting-opens-best-info-web-site-2010.html]
[info.info/node/874.html]
[info.info/newsroom/press-release/afilias-receives-excellence-online-trust-award-online-trust-alliance.html]
[info.info/newsroom/press-release/afilias-secures-info-domain-dnssec.html]
[info.info/node/868.html]
[info.info/newsroom/press-release/afilias-announces-judging-panel-2010-info-awards.html]
[info.info/node/855.html]
[info.info/node/847.html]
[info.info/news/2010/08/06/http/_info-awards.info]
[info.info/newsroom/press-release/afilias-opens-info-awards-select-best-websites-2010.html]
[info.info/newsroom/press-release/afilias-launches-hunt-ads-featuring-info-domains.html]
[info.info/node/833.html]
[info.info/newsroom/press-release/afilias-releases-info-domain-2009-annual-report.html]
[info.info/newsroom/press-release/afilias-announces-winners-2009-info-awards.html]
[info.info/newsroom/press-release/vote-best-info-web-site-2009.html]
[info.info/newsroom/press-release/afilias-announces-2009-info-award-judges-panel.html]
[info.info/newsroom/press-release/afilias-opens-2009-awards-best-info-web-sites.html]
[info.info/newsroom/press-release/new-report-shows-info-domain-safest-phishing-attacks.html]
[info.info/newsroom/press-release/afilias-joins-maawg-first-domain-name-registry-member.html]
[info.info/newsroom/press-release/info-joins-social-networking-revolution.html]
[info.info/newsroom/press-release/afilias-releases-update-info-domain.html]
[info.info/newsroom/press-release/afilias-joins-internet-watch-foundation.html]
[info.info/newsroom/press-release/afilias-announces-new-policy-make-info-even-safer-internet-users.html]
[info.info/newsroom/press-release/winners-info-awards-are-announced.html]
[info.info/newsroom/press_release2679.html]
[info.info/newsroom/press_release4658.html]
[info.info/node/599.html]
[info.info/sites/afilias-tld/files/electricfactory2.png]
[info.info/sites/afilias-tld/files/styles/spotlight_banner/public/electricfactory32a99.png]
[info.info/newsroom/spotlight/electricfactoryinfo.html]
[info.info/spotlight/entertainment.html]
[info.info/node/4777.html]
[info.info/sites/afilias-tld/files/info - thunderbolt project.jpg]
[info.info/newsroom/spotlight/thunderbolts-project.html]
[info.info/spotlight/science.html]
[info.info/node/4578.html]
[info.info/sites/afilias-tld/files/info - library.png]
[info.info/newsroom/spotlight/siuslaw-public-library-district.html]
[info.info/sites/afilias-tld/files/styles/signature_image/adaptive-image/public/Syria535a.png]
[info.info/newsroom/spotlight/childrenofsyriainfo.html]
[info.info/newsroom/spotlight2679.html]
[info.info/node/485.html]
[info.info/about/about-afilias.html]
[info.info/node/1203.html]
[info.info/node/1259.html]
[info.info/node/512.html]
[info.info/node/514.html]
[info.info/node/1311.html]
[info.info/node/523.html]
[info.info/node/527.html]
[info.info/node/525.html]
[info.info/node/519.html]
[info.info/node/515.html]
[info.info/node/5184.html]
[info.info/newsroom/spotlight4658.html]
[info.info/newsroom/Spotlight-2.html]
[info.info/node/5124.html]
[info.info/newsroom/Spotlight2679-2.html]
[info.info/taxonomy/term/359/feed]
[info.info/taxonomy/term/359.html]
[info.info/author/sarah-leonard.html]
[info.info/modules/taxonomy/taxonomydc02.css]
[info.info/taxonomy/term/66/feed]
[info.info/taxonomy/term/66.html]
[info.info/sites/afilias-tld/files/styles/signature_image/adaptive-image/public/studyinspain9324.png]
[info.info/newsroom/spotlight/studyinspaininfo.html]
[info.info/sites/afilias-tld/files/styles/signature_image/adaptive-image/public/austria23985.png]
[info.info/newsroom/spotlight/austriainfo.html]
[info.info/sites/afilias-tld/files/styles/signature_image/adaptive-image/public/spain2987e.png]
[info.info/newsroom/spotlight/spain-tourism-board.html]
[info.info/sites/afilias-tld/files/styles/signature_image/adaptive-image/public/wilderkaiser896c.png]
[info.info/newsroom/spotlight/wilder-kaiser.html]
[info.info/sites/afilias-tld/files/styles/signature_image/adaptive-image/public/brussels01e7.png]
[info.info/spotlight/travel.html]
[info.info/node/5089.html]
[info.info/newsroom/spotlight/brussels-info.html]
[info.info/newsroom/Blog-2.html]
[info.info/newsroom/Blog2679-2.html]
[info.info/taxonomy/term/356/feed]
[info.info/author/clare-needham.html]
[info.info/taxonomy/term/356.html]
[info.info/taxonomy/term/27/feed]
[info.info/taxonomy/term/27.html]
[info.info/topics/domain-names2679.html]
[info.info/topics/domain-names4658.html]
[info.info/topics/domain-names9ba9.html]
[info.info/topics/domain-namesfdb0.html]
[info.info/topics/domain-names.html]
[info.info/topics/domain-namesaf4d.html]
[info.info/taxonomy/term/325/feed]
[info.info/taxonomy/term/325.html]
[info.info/topics/website.html]
[info.info/node/5046.html]
[info.info/topics/website2679.html]
[info.info/taxonomy/term/332/feed]
[info.info/taxonomy/term/332.html]
[info.info/sites/afilias-tld/files/styles/signature_image/adaptive-image/public/woman on computer at home7566.jpg]
[info.info/author/dan-virgillito.html]
[info.info/newsroom/blog/how-avoid-most-common-domain-name-mistakes.html]
[info.info/taxonomy/term/322/feed]
[info.info/taxonomy/term/322.html]
[info.info/sites/afilias-tld/files/styles/signature_image/adaptive-image/public/Woman looking up at string art5a02.jpg]
[info.info/newsroom/blog/how-deal-if-your-dream-domain-taken.html]
[info.info/sites/afilias-tld/files/styles/signature_image/adaptive-image/public/keep calm and rock the brand mug and plant, office settingfcf8.jpg]
[info.info/topics/branding.html]
[info.info/node/5032.html]
[info.info/newsroom/blog/how-tlds-can-enhance-your-branding—online-and-offline.html]
[info.info/taxonomy/term/329/feed]
[info.info/author/brittany-hodak.html]
[info.info/taxonomy/term/329.html]
[info.info/taxonomy/term/323/feed]
[info.info/topics/entrepreneurship.html]
[info.info/taxonomy/term/323.html]
[info.info/taxonomy/term/40/feed]
[info.info/taxonomy/term/40.html]
[info.info/sites/afilias-tld/files/styles/signature_image/adaptive-image/public/Heatherblitz-headerb6df.jpg]
[info.info/topics/social-networking.html]
[info.info/newsroom/rising-dressage-star-heather-blitz-chooses-info-address-her-web-presence.html]
[info.info/taxonomy/term/29/feed]
[info.info/taxonomy/term/29.html]
[info.info/sites/afilias-tld/files/styles/signature_image/adaptive-image/public/Build a domain namebbc4.png]
[info.info/topics/tips.html]
[info.info/node/4968.html]
[info.info/newsroom/blog/domainology-beginners-guide-domain-names.html]
[info.info/taxonomy/term/324/feed]
[info.info/taxonomy/term/324.html]
[info.info/sites/afilias-tld/files/styles/signature_image/adaptive-image/public/multiple white housesc954.jpg]
[info.info/author/danny-bradbury.html]
[info.info/newsroom/blog/everything-you-need-know-about-using-multiple-domains-your-site.html]
[info.info/taxonomy/term/328/feed]
[info.info/topics/advertising.html]
[info.info/taxonomy/term/328.html]
[info.info/taxonomy/term/319/feed]
[info.info/topics/digital-marketing.html]
[info.info/taxonomy/term/319.html]
[info.info/taxonomy/term/327/feed]
[info.info/topics/marketing.html]
[info.info/taxonomy/term/327.html]
[info.info/taxonomy/term/320/feed]
[info.info/taxonomy/term/320.html]
[info.info/topics/small-business-marketing.html]
[info.info/node/4945.html]
[info.info/node/4839.html]
[info.info/node/4523.html]
[info.info/topics/small-business-marketing2679.html]
[info.info/taxonomy/term/56/feed]
[info.info/taxonomy/term/56.html]
[info.info/sites/afilias-tld/files/styles/signature_image/adaptive-image/public/Untitled_100e36.png]
[info.info/spotlight/health.html]
[info.info/node/604.html]
[info.info/newsroom/spotlight/glutenfreehelpinfo.html]
[info.info/taxonomy/term/49/feed]
[info.info/taxonomy/term/49.html]
[info.info/sites/afilias-tld/files/styles/signature_image/adaptive-image/public/greennews584b.jpg]
[info.info/newsroom/spotlight/greenewsinfo.html]
[info.info/sites/afilias-tld/files/styles/signature_image/adaptive-image/public/econostrum2cd4.png]
[info.info/spotlight/causes.html]
[info.info/newsroom/spotlight/econostruminfo.html]
[info.info/taxonomy/term/50/feed]
[info.info/taxonomy/term/50.html]
[info.info/spotlight/community.html]
[info.info/spotlight/community2679.html]
[info.info/taxonomy/term/70/feed]
[info.info/taxonomy/term/70.html]
[info.info/sites/afilias-tld/files/styles/signature_image/adaptive-image/public/commutesmartd8d1.png]
[info.info/spotlight/environment.html]
[info.info/node/587.html]
[info.info/newsroom/spotlight/commutesmartinfo.html]
[info.info/taxonomy/term/67/feed]
[info.info/taxonomy/term/67.html]
[info.info/sites/afilias-tld/files/styles/signature_image/adaptive-image/public/atlantajazz9fe4.png]
[info.info/spotlight/local.html]
[info.info/newsroom/spotlight/atlantajazzinfo.html]
[info.info/taxonomy/term/62/feed]
[info.info/taxonomy/term/62.html]
[info.info/sites/afilias-tld/files/styles/signature_image/adaptive-image/public/Untitled_340c04.png]
[info.info/newsroom/spotlight/alberteinsteininfo.html]
[info.info/sites/afilias-tld/files/styles/signature_image/adaptive-image/public/Untitled_29980a.png]
[info.info/newsroom/spotlight/irightsinfo.html]
[info.info/sites/afilias-tld/files/styles/signature_image/adaptive-image/public/Untitled_280569.png]
[info.info/newsroom/spotlight/solicitorinfo.html]
[info.info/sites/afilias-tld/files/styles/signature_image/adaptive-image/public/Untitled_268626.png]
[info.info/newsroom/spotlight/aasra.html]
[info.info/sites/afilias-tld/files/styles/signature_image/adaptive-image/public/webfonts5fef.png]
[info.info/spotlight/reference.html]
[info.info/node/586.html]
[info.info/newsroom/spotlight/webfontsinfo.html]
[info.info/taxonomy/term/61/feed]
[info.info/spotlight/sports.html]
[info.info/node/5085.html]
[info.info/taxonomy/term/61.html]
[info.info/taxonomy/term/52/feed]
[info.info/taxonomy/term/52.html]
[info.info/sites/afilias-tld/files/styles/signature_image/adaptive-image/public/Untitled_81e40.png]
[info.info/spotlight/internet.html]
[info.info/node/4964.html]
[info.info/node/4963.html]
[info.info/newsroom/spotlight/dotmobi.html]
[info.info/taxonomy/term/48/feed]
[info.info/spotlight/business.html]
[info.info/node/4871.html]
[info.info/taxonomy/term/48.html]
[info.info/taxonomy/term/65/feed]
[info.info/taxonomy/term/65.html]
[info.info/sites/afilias-tld/files/styles/signature_image/adaptive-image/public/santaclausvillage5aa1.png]
[info.info/spotlight/culture.html]
[info.info/newsroom/spotlight/santaclausvillageinfo.html]
[info.info/taxonomy/term/53/feed]
[info.info/taxonomy/term/53.html]
[info.info/sites/afilias-tld/files/styles/signature_image/adaptive-image/public/chomskyea22.png]
[info.info/spotlight/education.html]
[info.info/node/4870.html]
[info.info/node/4817.html]
[info.info/newsroom/spotlight/chomskyinfo.html]
[info.info/node/4577.html]
[info.info/sites/afilias-tld/files/info - cambridge jazz.jpg]
[info.info/newsroom/spotlight/cambridge-jazz-festival.html]
[info.info/spotlight/art.html]
[info.info/node/4528.html]
[info.info/sites/afilias-tld/files/info - frieze.jpg]
[info.info/newsroom/spotlight/frieze.html]
[info.info/node/4527.html]
[info.info/sites/afilias-tld/files/info - ku.jpg]
[info.info/newsroom/spotlight/university-kansas-medical-center.html]
[info.info/node/4526.html]
[info.info/sites/afilias-tld/files/info - rubin.jpg]
[info.info/newsroom/spotlight/rubin-museum-art.html]
[info.info/node/4525.html]
[info.info/sites/afilias-tld/files/info - leo.jpg]
[info.info/newsroom/spotlight/leonardoisast.html]
[info.info/node/4524.html]
[info.info/sites/afilias-tld/files/info - northern.jpg]
[info.info/newsroom/spotlight/northern-dimension.html]
[info.info/spotlight/government.html]
[info.info/node/4163.html]
[info.info/sites/afilias-tld/files/guardian.png]
[info.info/newsroom/spotlight/guardianprojectinfo.html]
[info.info/node/4156.html]
[info.info/sites/afilias-tld/files/info - bus.jpg]
[info.info/newsroom/spotlight/thebuswayinfo.html]
[info.info/node/3411.html]
[info.info/sites/afilias-tld/files/sfwater.png]
[info.info/newsroom/spotlight/sfwaterinfo.html]
[info.info/node/3321.html]
[info.info/sites/afilias-tld/files/batlife.jpg]
[info.info/sites/afilias-tld/files/styles/spotlight_banner/public/batlifebanner0cbb.jpg]
[info.info/newsroom/spotlight/batlife-europeinfo.html]
[info.info/sites/afilias-tld/files/styles/signature_image/adaptive-image/public/17 - cinemaitaliano.info_fb07.png]
[info.info/newsroom/spotlight/cinemaitalianoinfo.html]
[info.info/sites/afilias-tld/files/styles/signature_image/adaptive-image/public/10 - webdeux.info_7028.png]
[info.info/newsroom/spotlight/webdeuxinfo.html]
[info.info/sites/afilias-tld/files/styles/signature_image/adaptive-image/public/worldreview2b78e.png]
[info.info/newsroom/spotlight/worldreviewinfo.html]
[info.info/whos-using4658.html]
[info.info/whos-using9ba9.html]
[info.info/find-registrar4658.html]
[info.info/node/5165.html]
[info.info/find-registrar9ba9.html]
[info.info/taxonomy/term/337/feed]
[info.info/author/edward-jones.html]
[info.info/node/5144.html]
[info.info/taxonomy/term/337.html]
[info.info/taxonomy/term/360/feed]
[info.info/author/carrie-cousins.html]
[info.info/taxonomy/term/360.html]
[info.info/taxonomy/term/326/feed]
[info.info/topics/web-design.html]
[info.info/node/5129.html]
[info.info/node/5128.html]
[info.info/node/5122.html]
[info.info/node/5121.html]
[info.info/taxonomy/term/326.html]
[info.info/taxonomy/term/362/feed]
[info.info/author/elizabeth-hooper.html]
[info.info/node/5118.html]
[info.info/node/5110.html]
[info.info/taxonomy/term/362.html]
[info.info/taxonomy/term/28/feed]
[info.info/taxonomy/term/28.html]
[info.info/sites/afilias-tld/files/styles/signature_image/adaptive-image/public/DNSSECad49.png]
[info.info/topics/security.html]
[info.info/node/5086.html]
[info.info/newsroom/blog/youtube-videos-promote-your-small-business.html]
[info.info/newsroom/blog/do-keywords-still-work-how-improve-your-google-search-rank-year.html]
[info.info/newsroom/info-adds-dnssec.html]
[info.info/taxonomy/term/348/feed]
[info.info/author/sharon-hurley-hall.html]
[info.info/taxonomy/term/348.html]
[info.info/taxonomy/term/32/feed]
[info.info/taxonomy/term/32.html]
[info.info/topics/promotion.html]
[info.info/newsroom/choosing-info-address-allows-maineinfo-get-more-traffic-com.html]
[info.info/node/5074.html]
[info.info/sites/afilias-tld/files/instagram-logo-made-by-thousands-of-colourful-dots_t20_P1QXEN.jpg]
[get.red/sites/afilias-tld/files/styles/large/public/mobile-night-life-night-out-using-mobile-devices-using-mobile-device_t20_LOevW7_0a492.jpg]
[info.info/newsroom/blog/instagram-has-changed-heres-what-you-need-know.html]
[info.info/author/elana-lyn-gross.html]
[info.info/node/5073.html]
[info.info/sites/afilias-tld/files/jon-tyson-195064-unsplash.jpg]
[info.info/sites/afilias-tld/files/styles/large/public/austin-distel-1517502-unsplash6c30.jpg]
[info.info/newsroom/blog/5-ways-make-your-email-newsletters-count.html]
[info.info/node/5047.html]
[info.info/sites/afilias-tld/files/john-schnobrich-520019-unsplash.jpg]
[info.info/newsroom/blog/how-choose-best-email-marketing-platform-your-small-business]
[info.info/newsroom/blog/5-email-marketing-mistakes-can-sink-your-campaigns.html]
[info.info/newsroom/blog/upgrade-your-email-marketing-15-minutes-domain-emails/index.html]
[info.info/node/5039.html]
[info.info/sites/afilias-tld/files/people-at-the-office-talking-and-brainstorming_t20_6w0nnO.png]
[info.info/newsroom/blog/upgrade-your-email-marketing-15-minutes-domain-emails.html]
[info.info/node/4949.html]
[info.info/sites/afilias-tld/files/multiple laptops.jpg]
[info.info/newsroom/blog/how-decide-how-many-domains-you-should-buy.html]
[info.info/node/4939.html]
[info.info/sites/afilias-tld/files/mom and daughter baking together.jpg]
[info.info/newsroom/blog/five-ways-help-customers-remember-your-business.html]
[info.info/author/jeff-bounds.html]
[app.icontact.com/icp/loadsignup.php/form7219.js]
[info.info/newsroom4658.html]
[info.info/node/3976.html]
[info.info/newsroom/News-2.html]
[info.info/node/4262.html]
[info.info/node/3406.html]
[info.info/newsroom9ba9.html]
[info.info/taxonomy/term/42/feed]
[info.info/taxonomy/term/42.html]
[info.info/sites/afilias-tld/files/styles/signature_image/adaptive-image/public/sandy image0d70.jpg]
[info.info/newsroom/blog/info-events-and-registrations.html]
[info.info/newsroom/beach-related-info-registrations-surge-time-clean-beach-week.html]
[info.info/sites/afilias-tld/files/styles/signature_image/adaptive-image/public/dog working_0b9b9.jpg]
[info.info/newsroom/info-goes-dogs-time-take-your-dog-work-day.html]
[info.info/newsroom/scrapbooking-cuts-out-spot-most-popular-info-string-during-national-craft-month.html]
[info.info/newsroom/info-registrations-reflect-interest-‘swine-flu’.html]
[info.info/newsroom/no-surprise-most-users-use-info-inform.html]
[info.info/newsroom/financial-domains-have-impact-info-q1-2009.html]
[info.info/topics/trends.html]
[info.info/node/1225.html]
[info.info/topics/trends2679.html]
[info.info/taxonomy/term/33/feed]
[info.info/topics/auction.html]
[info.info/node/1189.html]
[info.info/taxonomy/term/33.html]
[info.info/taxonomy/term/35/feed]
[info.info/taxonomy/term/35.html]
[info.info/topics/top-sale.html]
[info.info/node/1188.html]
[info.info/node/1187.html]
[info.info/node/1185.html]
[info.info/newsroom/highest-info-aftermarket-sales-july-2009.html]
[info.info/taxonomy/term/41/feed]
[info.info/taxonomy/term/41.html]
[info.info/newsroom/and-winners-2011-info-awards-are.html]
[info.info/newsroom/oco-aka-overstockcom-acquires-oinfo-domain-new-consumer-portal.html]
[info.info/sites/afilias-tld/files/styles/signature_image/adaptive-image/public/Tina-Turbind6d1.png]
[info.info/newsroom/glutenfreehelpinfo-expands-reach-info-name.html]
[info.info/newsroom/solicitorinfo-loves-their-info-name.html]
[info.info/topics/featured-site.html]
[info.info/node/1153.html]
[info.info/node/5084.html]
[info.info/topics/featured-site2679.html]
[info.info/taxonomy/term/321/feed]
[info.info/topics/community-outreach.html]
[info.info/node/5076.html]
[info.info/taxonomy/term/321.html]
[info.info/node/4911.html]
[info.info/sites/afilias-tld/files/lady using laptop.jpg]
[info.info/newsroom/blog/short-and-sweet-benefits-setting-custom-link-shortener.html]
[info.info/author/elizabeth-kraus.html]
[info.info/sites/afilias-tld/files/styles/signature_image/adaptive-image/public/Geo-Distrof74b.jpg]
[info.info/newsroom/blog/where-world-info.html]
[info.info/newsroom/meet-judges-2011-info-awards.html]
[info.info/newsroom/blog4658.html]
[info.info/newsroom/blog9ba9.html]
[info.info/node/964.html]
[info.info/newsroom/Press Release.html]
[info.info/taxonomy/term/31/feed]
[info.info/taxonomy/term/31.html]
[info.info/topics/contest.html]
[info.info/node/963.html]
[info.info/topics/contest2679.html]
[info.info/taxonomy/term/30/feed]
[info.info/taxonomy/term/30.html]
[info.info/topics/awards.html]
[info.info/node/923.html]
[info.info/node/915.html]
[info.info/node/903.html]
[info.info/topics/awards2679.html]
[info.info/taxonomy/term/38/feed]
[info.info/topics/report.html]
[info.info/node/889.html]
[info.info/taxonomy/term/38.html]
[info.info/node/878.html]
[info.info/node/874.html]
[info.info/node/868.html]
[info.info/node/855.html]
[info.info/node/847.html]
[info.info/news/2010/08/06/http/_info-awards.html]
[info.info/node/833.html]
[info.info/node/826.html]
[info.info/direct-download/INFO 09 AnnualReportFinal.pdf]
[info.info/topics/aftermarket.html]
[info.info/newsroom/press-release/afilias-releases-info-domain-2009-annual-report.html]
[info.info/topics/statistics.html]
[info.info/newsroom/press-release/afilias-announces-winners-2009-info-awards.html]
[info.info/node/751.html]
[info.info/node/750.html]
[info.info/newsroom/press-release/vote-best-info-web-site-2009.html]
[info.info/directory.html]
[info.info/newsroom/press-release/afilias-announces-2009-info-award-judges-panel.html]
[info.info/node/749.html]
[info.info/newsroom/press-release/afilias-opens-2009-awards-best-info-web-sites.html]
[info.info/node/748.html]
[info.info/newsroom/press-release/new-report-shows-info-domain-safest-phishing-attacks.html]
[info.info/node/747.html]
[info.info/newsroom/press-release/afilias-joins-maawg-first-domain-name-registry-member.html]
[info.info/node/745.html]
[info.info/newsroom/press-release/info-joins-social-networking-revolution.html]
[info.info/node/744.html]
[info.info/node/743.html]
[info.info/direct-download/INFO update_09-2.pdf]
[info.info/newsroom/press-release/afilias-releases-update-info-domain.html]
[info.info/newsroom/press-release/afilias-joins-internet-watch-foundation.html]
[info.info/node/742.html]
[info.info/node/741.html]
[info.info/newsroom/press-release/afilias-announces-new-policy-make-info-even-safer-internet-users.html]
[info.info/newsroom/press-release/winners-info-awards-are-announced.html]
[info.info/node/740.html]
[info.info/newsroom/press-release/afilias-launches-new-info-product-site.html]
[info.info/newsroom/press-release/top-10-sites-open-next-round-info-award.html]
[info.info/newsroom/press-release/afilias-opens-info-awards-german-speaking-info-website.html]
[info.info/newsroom/press_release4658.html]
[info.info/node/599.html]
[info.info/newsroom/press-release/spanish-names-now-available-info.html]
[info.info/taxonomy/term/54/feed]
[info.info/spotlight/entertainment.html]
[info.info/node/4777.html]
[info.info/taxonomy/term/54.html]
[info.info/taxonomy/term/63/feed]
[info.info/spotlight/science.html]
[info.info/node/4578.html]
[info.info/taxonomy/term/63.html]
[info.info/node/3231.html]
[info.info/sites/afilias-tld/files/Syria.png]
[info.info/newsroom/spotlight/childrenofsyriainfo.html]
[info.info/sites/afilias-tld/files/styles/signature_image/adaptive-image/public/towardsf33a.png]
[info.info/newsroom/spotlight/towards.html]
[info.info/newsroom/spotlight4658.html]
[info.info/newsroom/spotlight9ba9.html]
[info.info/newsroom/Spotlight2679-2.html]
[info.info/taxonomy/term/359.html]
[info.info/modules/taxonomy/taxonomydc02.css]
[info.info/taxonomy/term/66.html]
[info.info/newsroom/Spotlight4658-2.html]
[info.info/node/598.html]
[info.info/sites/afilias-tld/files/studyinspain.png]
[info.info/sites/afilias-tld/files/styles/spotlight_banner/public/studyinspain21c9f.png]
[info.info/newsroom/spotlight/studyinspaininfo.html]
[info.info/node/597.html]
[info.info/sites/afilias-tld/files/austria2.png]
[info.info/sites/afilias-tld/files/styles/spotlight_banner/public/austria2_0cf90.png]
[info.info/newsroom/spotlight/austriainfo.html]
[info.info/node/583.html]
[info.info/sites/afilias-tld/files/spain2.png]
[info.info/sites/afilias-tld/files/styles/spotlight_banner/public/spain32a00.png]
[info.info/newsroom/spotlight/spain-tourism-board.html]
[info.info/node/575.html]
[info.info/sites/afilias-tld/files/wilderkaiser.png]
[info.info/sites/afilias-tld/files/styles/spotlight_banner/public/wilderkaiser29d24.png]
[info.info/newsroom/spotlight/wilder-kaiser.html]
[info.info/spotlight/recreation.html]
[info.info/node/496.html]
[info.info/sites/afilias-tld/files/brussels.png]
[info.info/sites/afilias-tld/files/styles/spotlight_banner/public/brussels29614.png]
[info.info/newsroom/spotlight/brussels-info.html]
[info.info/newsroom/Blog2679-2.html]
[info.info/taxonomy/term/356.html]
[info.info/taxonomy/term/27.html]
[info.info/topics/domain-names2679.html]
[info.info/topics/domain-names4658.html]
[info.info/topics/domain-names9ba9.html]
[info.info/topics/domain-namesfdb0.html]
[info.info/topics/domain-namesaf4d.html]
[info.info/taxonomy/term/325.html]
[info.info/topics/website2679.html]
[info.info/taxonomy/term/332.html]
[info.info/newsroom/Blog4658-2.html]
[info.info/node/5013.html]
[info.info/sites/afilias-tld/files/woman on computer at home.jpg]
[info.info/newsroom/blog/how-avoid-most-common-domain-name-mistakes.html]
[info.info/taxonomy/term/322.html]
[info.info/node/4765.html]
[info.info/sites/afilias-tld/files/Woman looking up at string art.jpg]
[s3.amazonaws.com/external_clips/attachments/1729313/original/privacy-email88ba.png]
[info.info/newsroom/blog/how-deal-if-your-dream-domain-taken.html]
[info.info/author/aja-frost.html]
[info.info/node/4734.html]
[info.info/sites/afilias-tld/files/keep calm and rock the brand mug and plant, office setting.jpg]
[info.info/newsroom/blog/how-tlds-can-enhance-your-branding—online-and-offline.html]
[info.info/taxonomy/term/329.html]
[info.info/taxonomy/term/323.html]
[info.info/taxonomy/term/40.html]
[info.info/author/jason-compton.html]
[info.info/node/1181.html]
[info.info/sites/afilias-tld/files/Heatherblitz-header.jpg]
[info.info/newsroom/rising-dressage-star-heather-blitz-chooses-info-address-her-web-presence.html]
[info.info/taxonomy/term/29.html]
[info.info/node/4487.html]
[info.info/sites/afilias-tld/files/Build a domain name.png]
[info.info/newsroom/blog/domainology-beginners-guide-domain-names.html]
[info.info/taxonomy/term/324.html]
[info.info/node/4584.html]
[info.info/sites/afilias-tld/files/multiple white houses.jpg]
[info.info/newsroom/blog/everything-you-need-know-about-using-multiple-domains-your-site.html]
[info.info/taxonomy/term/328.html]
[info.info/taxonomy/term/319.html]
[info.info/taxonomy/term/327.html]
[info.info/taxonomy/term/320.html]
[info.info/topics/small-business-marketing2679.html]
[info.info/taxonomy/term/56.html]
[info.info/node/516.html]
[info.info/sites/afilias-tld/files/Untitled_10.png]
[info.info/newsroom/spotlight/glutenfreehelpinfo.html]
[info.info/taxonomy/term/49.html]
[info.info/spotlight/food.html]
[info.info/node/603.html]
[info.info/sites/afilias-tld/files/greennews.jpg]
[info.info/sites/afilias-tld/files/styles/spotlight_banner/public/greenews3275e.png]
[info.info/newsroom/spotlight/greenewsinfo.html]
[info.info/spotlight/news.html]
[info.info/node/601.html]
[info.info/sites/afilias-tld/files/econostrum.png]
[info.info/sites/afilias-tld/files/styles/spotlight_banner/public/econostrum3b8aa.png]
[info.info/newsroom/spotlight/econostruminfo.html]
[info.info/taxonomy/term/50.html]
[info.info/spotlight/community2679.html]
[info.info/taxonomy/term/70.html]
[info.info/node/584.html]
[info.info/sites/afilias-tld/files/commutesmart.png]
[info.info/sites/afilias-tld/files/styles/spotlight_banner/public/commutesmart22664.png]
[info.info/newsroom/spotlight/commutesmartinfo.html]
[info.info/taxonomy/term/67.html]
[info.info/node/595.html]
[info.info/sites/afilias-tld/files/atlantajazz.png]
[info.info/sites/afilias-tld/files/styles/spotlight_banner/public/atlantajazz25eea.png]
[info.info/newsroom/spotlight/atlantajazzinfo.html]
[info.info/taxonomy/term/62.html]
[info.info/spotlight/reviews.html]
[info.info/node/582.html]
[info.info/sites/afilias-tld/files/Untitled_34.png]
[info.info/newsroom/spotlight/alberteinsteininfo.html]
[info.info/spotlight/personal-sites.html]
[info.info/node/576.html]
[info.info/sites/afilias-tld/files/Untitled_29.png]
[info.info/newsroom/spotlight/irightsinfo.html]
[info.info/node/556.html]
[info.info/sites/afilias-tld/files/Untitled_28.png]
[info.info/newsroom/spotlight/solicitorinfo.html]
[info.info/node/550.html]
[info.info/sites/afilias-tld/files/Untitled_26.png]
[info.info/newsroom/spotlight/aasra.html]
[info.info/node/536.html]
[info.info/sites/afilias-tld/files/webfonts.png]
[info.info/sites/afilias-tld/files/styles/spotlight_banner/public/webfonts2902f.png]
[info.info/spotlight/skills.html]
[info.info/newsroom/spotlight/webfontsinfo.html]
[info.info/taxonomy/term/61.html]
[info.info/taxonomy/term/52.html]
[info.info/spotlight/technology.html]
[info.info/node/510.html]
[info.info/sites/afilias-tld/files/Untitled_8.png]
[info.info/newsroom/spotlight/dotmobi.html]
[info.info/taxonomy/term/48.html]
[info.info/taxonomy/term/65.html]
[info.info/node/610.html]
[info.info/sites/afilias-tld/files/santaclausvillage.png]
[info.info/sites/afilias-tld/files/styles/spotlight_banner/public/santaclausvillage3af20.png]
[info.info/newsroom/spotlight/santaclausvillageinfo.html]
[info.info/taxonomy/term/53.html]
[info.info/spotlight/history.html]
[info.info/node/602.html]
[info.info/sites/afilias-tld/files/chomsky.png]
[info.info/sites/afilias-tld/files/styles/spotlight_banner/public/chomsky2afcd.png]
[info.info/newsroom/spotlight/chomskyinfo.html]
[info.info/node/4577.html]
[info.info/spotlight/blog.html]
[info.info/taxonomy/term/46/feed]
[info.info/spotlight/art.html]
[info.info/node/4528.html]
[info.info/node/4527.html]
[info.info/node/4526.html]
[info.info/node/4525.html]
[info.info/node/4524.html]
[info.info/taxonomy/term/46.html]
[info.info/taxonomy/term/55/feed]
[info.info/spotlight/government.html]
[info.info/node/4163.html]
[info.info/node/4156.html]
[info.info/node/3411.html]
[info.info/node/3321.html]
[info.info/taxonomy/term/55.html]
[info.info/node/600.html]
[info.info/sites/afilias-tld/files/17 - cinemaitaliano.info_.png]
[info.info/newsroom/spotlight/cinemaitalianoinfo.html]
[info.info/node/596.html]
[info.info/sites/afilias-tld/files/10 - webdeux.info_.png]
[info.info/newsroom/spotlight/webdeuxinfo.html]
[info.info/node/592.html]
[info.info/sites/afilias-tld/files/worldreview2.png]
[info.info/sites/afilias-tld/files/styles/spotlight_banner/public/worldreview35d7d.png]
[info.info/newsroom/spotlight/worldreviewinfo.html]
[info.info/sites/afilias-tld/files/styles/signature_image/adaptive-image/public/Untitled_30673f.png]
[info.info/newsroom/spotlight/whatisfailwhaleinfo.html]
[info.info/whos-using9ba9.html]
[info.info/whos-usingfdb0.html]
[info.info/find-registrar9ba9.html]
[info.info/taxonomy/term/337.html]
[info.info/taxonomy/term/360.html]
[info.info/taxonomy/term/326.html]
[info.info/taxonomy/term/362.html]
[info.info/taxonomy/term/28.html]
[info.info/find-registrarfdb0.html]
[info.info/node/1179.html]
[info.info/sites/afilias-tld/files/DNSSEC.png]
[info.info/newsroom/info-adds-dnssec.html]
[info.info/taxonomy/term/348.html]
[info.info/taxonomy/term/32.html]
[info.info/node/1178.html]
[info.info/sites/afilias-tld/files/maineinfo.jpg]
[info.info/newsroom/choosing-info-address-allows-maineinfo-get-more-traffic-com.html]
[info.info/node/5074.html]
[info.info/taxonomy/term/340/feed]
[info.info/author/elana-lyn-gross.html]
[info.info/node/5073.html]
[info.info/taxonomy/term/340.html]
[info.info/node/5047.html]
[info.info/newsroom/blog/how-choose-best-email-marketing-platform-your-small-business.html]
[info.info/newsroom/blog/upgrade-your-email-marketing-15-minutes-domain-emails/index.html]
[info.info/node/5039.html]
[info.info/node/4949.html]
[info.info/node/4939.html]
[info.info/taxonomy/term/350/feed]
[info.info/author/jeff-bounds.html]
[info.info/taxonomy/term/350.html]
[info.info/newsroom9ba9.html]
[info.info/taxonomy/term/42.html]
[info.info/newsroomfdb0.html]
[info.info/node/1287.html]
[info.info/sites/afilias-tld/files/sandy image.jpg]
[info.info/sites/afilias-tld/files/Sandy-Chart_0.jpg]
[info.info/newsroom/blog/info-events-and-registrations.html]
[info.info/node/1177.html]
[info.info/sites/afilias-tld/files/Beach-Week-Graph.jpg]
[info.info/newsroom/beach-related-info-registrations-surge-time-clean-beach-week.html]
[info.info/node/1173.html]
[info.info/sites/afilias-tld/files/dog working_0.jpg]
[info.info/sites/afilias-tld/files/Pet Blog graph.jpg]
[info.info/newsroom/info-goes-dogs-time-take-your-dog-work-day.html]
[info.info/node/1154.html]
[info.info/sites/afilias-tld/files/2009 Crafts Chart 4.jpg]
[info.info/newsroom/scrapbooking-cuts-out-spot-most-popular-info-string-during-national-craft-month.html]
[info.info/node/1152.html]
[info.info/sites/afilias-tld/files/swine-flu-09.png]
[info.info/newsroom/info-registrations-reflect-interest-‘swine-flu’.html]
[info.info/node/1145.html]
[info.info/sites/afilias-tld/files/may-2009-user-poll.png]
[info.info/newsroom/no-surprise-most-users-use-info-inform.html]
[info.info/node/1144.html]
[info.info/sites/afilias-tld/files/tax-domains_0.png]
[info.info/sites/afilias-tld/files/bailout-domains.png]
[info.info/newsroom/financial-domains-have-impact-info-q1-2009.html]
[info.info/topics/trends2679.html]
[info.info/taxonomy/term/33.html]
[info.info/taxonomy/term/35.html]
[info.info/newsroom/highest-info-aftermarket-sales-july-2009.html]
[info.info/taxonomy/term/41.html]
[info.info/node/1151.html]
[info.info/newsroom/and-winners-2011-info-awards-are.html]
[info.info/node/1184.html]
[info.info/newsroom/oco-aka-overstockcom-acquires-oinfo-domain-new-consumer-portal.html]
[info.info/node/1182.html]
[info.info/node/1180.html]
[info.info/sites/afilias-tld/files/Tina-Turbin.png]
[info.info/newsroom/glutenfreehelpinfo-expands-reach-info-name.html]
[info.info/newsroom/solicitorinfo-loves-their-info-name.html]
[info.info/topics/featured-site2679.html]
[info.info/taxonomy/term/321.html]
[info.info/node/4911.html]
[info.info/node/1162.html]
[info.info/taxonomy/term/317/feed]
[info.info/author/elizabeth-kraus.html]
[info.info/taxonomy/term/317.html]
[info.info/node/1286.html]
[info.info/sites/afilias-tld/files/Geo-Distro.jpg]
[info.info/sites/afilias-tld/files/Geo-Distro_0.jpg]
[info.info/sites/afilias-tld/files/INFO_IDN-Distribution.jpg]
[info.info/newsroom/blog/where-world-info.html]
[info.info/newsroom/meet-judges-2011-info-awards.html]
[info.info/newsroom/blog9ba9.html]
[info.info/taxonomy/term/31.html]
[info.info/topics/contest2679.html]
[info.info/taxonomy/term/30.html]
[info.info/topics/awards2679.html]
[info.info/taxonomy/term/38.html]
[info.info/node/826.html]
[info.info/node/1183.html]
[info.info/taxonomy/term/34/feed]
[info.info/topics/aftermarket.html]
[info.info/taxonomy/term/34.html]
[info.info/taxonomy/term/36/feed]
[info.info/topics/statistics.html]
[info.info/node/751.html]
[info.info/node/750.html]
[info.info/directory.html]
[info.info/node/749.html]
[info.info/node/748.html]
[info.info/node/747.html]
[info.info/node/745.html]
[info.info/node/744.html]
[info.info/node/743.html]
[info.info/node/742.html]
[info.info/taxonomy/term/36.html]
[info.info/node/741.html]
[info.info/node/740.html]
[info.info/newsroom/press-release/afilias-launches-new-info-product-site.html]
[info.info/node/739.html]
[info.info/newsroom/press-release/top-10-sites-open-next-round-info-award.html]
[info.info/node/738.html]
[info.info/node/737.html]
[info.info/news/2008/04/11/www.info-award.info]
[info.info/newsroom/press-release/afilias-opens-info-awards-german-speaking-info-website.html]
[info.info/news/2008/04/10/spanish-names-now-available-in-info.html]
[info.info/newsroom/press-release/spanish-names-now-available-info.html]
[info.info/taxonomy/term/54.html]
[info.info/taxonomy/term/63.html]
[info.info/node/3231.html]
[info.info/node/736.html]
[info.info/node/591.html]
[info.info/sites/afilias-tld/files/towards.png]
[info.info/sites/afilias-tld/files/styles/spotlight_banner/public/towards21d99.png]
[info.info/newsroom/spotlight/towards.html]
[info.info/newsroom/spotlight/leibnitzinfo.html]
[info.info/newsroom/spotlight9ba9.html]
[info.info/newsroom/spotlightfdb0.html]
[info.info/newsroom/Spotlight4658-2.html]
[info.info/node/598.html]
[info.info/node/597.html]
[info.info/node/583.html]
[info.info/node/575.html]
[info.info/newsroom/Spotlight9ba9-2.html]
[info.info/taxonomy/term/60/feed]
[info.info/spotlight/recreation.html]
[info.info/node/496.html]
[info.info/taxonomy/term/60.html]
[info.info/newsroom/Blog4658-2.html]
[info.info/node/5013.html]
[info.info/node/4765.html]
[info.info/newsroom/Blog9ba9-2.html]
[info.info/taxonomy/term/343/feed]
[info.info/author/aja-frost.html]
[info.info/node/4734.html]
[info.info/taxonomy/term/343.html]
[info.info/taxonomy/term/342/feed]
[info.info/author/jason-compton.html]
[info.info/node/1181.html]
[info.info/node/4487.html]
[info.info/node/4584.html]
[info.info/node/516.html]
[info.info/taxonomy/term/342.html]
[info.info/taxonomy/term/71/feed]
[info.info/spotlight/food.html]
[info.info/node/603.html]
[info.info/taxonomy/term/71.html]
[info.info/taxonomy/term/57/feed]
[info.info/spotlight/news.html]
[info.info/node/601.html]
[info.info/node/584.html]
[info.info/node/595.html]
[info.info/taxonomy/term/57.html]
[info.info/taxonomy/term/73/feed]
[info.info/spotlight/reviews.html]
[info.info/node/582.html]
[info.info/taxonomy/term/73.html]
[info.info/taxonomy/term/59/feed]
[info.info/spotlight/personal-sites.html]
[info.info/node/576.html]
[info.info/node/556.html]
[info.info/node/550.html]
[info.info/node/536.html]
[info.info/taxonomy/term/59.html]
[info.info/taxonomy/term/72/feed]
[info.info/spotlight/skills.html]
[info.info/taxonomy/term/72.html]
[info.info/taxonomy/term/51/feed]
[info.info/spotlight/technology.html]
[info.info/node/510.html]
[info.info/node/610.html]
[info.info/taxonomy/term/51.html]
[info.info/taxonomy/term/68/feed]
[info.info/spotlight/history.html]
[info.info/node/602.html]
[info.info/taxonomy/term/68.html]
[info.info/taxonomy/term/47/feed]
[info.info/spotlight/blog.html]
[info.info/taxonomy/term/46.html]
[info.info/taxonomy/term/55.html]
[info.info/node/600.html]
[info.info/node/596.html]
[info.info/node/592.html]
[info.info/taxonomy/term/47.html]
[info.info/node/573.html]
[info.info/sites/afilias-tld/files/Untitled_30.png]
[info.info/newsroom/spotlight/whatisfailwhaleinfo.html]
[info.info/whos-usingfdb0.html]
[info.info/spotlight/social-networking.html]
[info.info/find-registrarfdb0.html]
[info.info/node/1179.html]
[info.info/node/1178.html]
[info.info/taxonomy/term/340.html]
[info.info/node/upgrade-your-email-marketing-15-minutes-domain-emails/index.html]
[info.info/taxonomy/term/350.html]
[info.info/find-registraraf4d.html]
[info.info/newsroomfdb0.html]
[info.info/node/1287.html]
[info.info/node/1177.html]
[info.info/node/1173.html]
[info.info/node/1154.html]
[info.info/node/1152.html]
[info.info/node/1145.html]
[info.info/node/1144.html]
[info.info/node/1151.html]
[info.info/node/1184.html]
[info.info/node/1182.html]
[info.info/node/1180.html]
[info.info/node/1162.html]
[info.info/taxonomy/term/317.html]
[info.info/node/1286.html]
[info.info/node/1183.html]
[info.info/taxonomy/term/34.html]
[info.info/taxonomy/term/36.html]
[info.info/node/739.html]
[info.info/node/738.html]
[info.info/node/737.html]
[info.info/news/2008/04/11/www.info-award.html]
[info.info/news/2008/04/10/spanish-names-now-available-in-info.html]
[info.info/node/736.html]
[info.info/node/591.html]
[info.info/newsroomaf4d.html]
[info.info/newsroom/spotlight/leibnitzinfo.html]
[info.info/newsroom/spotlightfdb0.html]
[info.info/node/552.html]
[info.info/newsroom/Spotlight9ba9-2.html]
[info.info/taxonomy/term/60.html]
[info.info/newsroom/Blog9ba9-2.html]
[info.info/taxonomy/term/343.html]
[info.info/taxonomy/term/342.html]
[info.info/taxonomy/term/71.html]
[info.info/taxonomy/term/57.html]
[info.info/taxonomy/term/73.html]
[info.info/taxonomy/term/59.html]
[info.info/taxonomy/term/72.html]
[info.info/taxonomy/term/51.html]
[info.info/taxonomy/term/68.html]
[info.info/taxonomy/term/47.html]
[info.info/node/573.html]
[info.info/newsroom/Spotlightfdb0-2.html]
[info.info/taxonomy/term/64/feed]
[info.info/spotlight/social-networking.html]
[info.info/taxonomy/term/64.html]
[info.info/find-registraraf4d.html]
[info.info/find-registrarc575.html]
[info.info/newsroomaf4d.html]
[info.info/node/552.html]
[info.info/newsroom/Spotlightfdb0-2.html]
[info.info/taxonomy/term/64.html]
[info.info/newsroomc575.html]
[info.info/find-registrarc575.html]
[info.info/find-registrar235c.html]
[info.info/newsroomc575.html]
[info.info/newsroom235c.html]
[info.info/find-registrar235c.html]
[info.info/find-registrarfdfa.html]
[info.info/newsroom235c.html]
[info.info/newsroomfdfa.html]
[info.info/find-registrarfdfa.html]
[info.info/find-registrar0b08.html]
[info.info/newsroomfdfa.html]
[info.info/newsroom0b08.html]
[info.info/find-registrar0b08.html]
[info.info/find-registrar1448.html]
[info.info/newsroom0b08.html]
[info.info/newsroom1448.html]
[info.info/find-registrar1448.html]
[info.info/find-registrar1c8b.html]
[info.info/newsroom1448.html]
[info.info/newsroom1c8b.html]
[info.info/find-registrar1c8b.html]
[info.info/newsroom1c8b.html]
[info.info/find-registrarce37.html]
[info.info/find-registrarce37.html]
[info.info/find-registrar8c93.html]
[info.info/find-registrar8c93.html]
[info.info/find-registrara7f1.html]
[info.info/find-registrara7f1.html]
[info.info/find-registrar5760.html]
[info.info/find-registrar5760.html]
[info.info/find-registrar42a7.html]
[info.info/find-registrar42a7.html]
[info.info/find-registrar5c43.html]
[info.info/find-registrar5c43.html]
[info.info/find-registrar9683.html]
[info.info/find-registrar9683.html]
[info.info/find-registrar7537.html]
[info.info/find-registrar7537.html]
[info.info/find-registrarf62c.html]
[info.info/find-registrarf62c.html]
[info.info/find-registrare4a7.html]
[info.info/find-registrare4a7.html]
[info.info/find-registrar3c09.html]
[info.info/find-registrar3c09.html]
[info.info/find-registrar89ae.html]
[info.info/find-registrar89ae.html]
[info.info/find-registrar1d82.html]
[info.info/find-registrar1d82.html]
[info.info/find-registrar8c06.html]
[info.info/find-registrar8c06.html]
[info.info/find-registrar19d2.html]
[info.info/find-registrar19d2.html]
